train 4365 (400 pos) -> fit 3209 (228 pos) / val 1156 (172 pos)
test 1217 (100 pos) -- scored once per arm

=== tuning on the inner validation split ===
C:\Users\chara\AppData\Local\Programs\Python\Python310\lib\site-packages\sklearn\utils\validation.py:2749: UserWarning: X does not have valid feature names, but LGBMClassifier was fitted with feature names
  warnings.warn(
  {'n_estimators': 200, 'learning_rate': 0.05, 'num_leaves': 15, 'min_child_samples': 40} -> val AUC 0.9328
C:\Users\chara\AppData\Local\Programs\Python\Python310\lib\site-packages\sklearn\utils\validation.py:2749: UserWarning: X does not have valid feature names, but LGBMClassifier was fitted with feature names
  warnings.warn(
  {'n_estimators': 400, 'learning_rate': 0.05, 'num_leaves': 31, 'min_child_samples': 20} -> val AUC 0.9342
C:\Users\chara\AppData\Local\Programs\Python\Python310\lib\site-packages\sklearn\utils\validation.py:2749: UserWarning: X does not have valid feature names, but LGBMClassifier was fitted with feature names
  warnings.warn(
  {'n_estimators': 200, 'learning_rate': 0.1, 'num_leaves': 31, 'min_child_samples': 20} -> val AUC 0.9245
C:\Users\chara\AppData\Local\Programs\Python\Python310\lib\site-packages\sklearn\utils\validation.py:2749: UserWarning: X does not have valid feature names, but LGBMClassifier was fitted with feature names
  warnings.warn(
  {'n_estimators': 600, 'learning_rate': 0.03, 'num_leaves': 15, 'min_child_samples': 40} -> val AUC 0.9344
C:\Users\chara\AppData\Local\Programs\Python\Python310\lib\site-packages\sklearn\utils\validation.py:2749: UserWarning: X does not have valid feature names, but LGBMClassifier was fitted with feature names
  warnings.warn(
  {'n_estimators': 300, 'learning_rate': 0.05, 'num_leaves': 63, 'min_child_samples': 10} -> val AUC 0.9314
  chosen: {'n_estimators': 600, 'learning_rate': 0.03, 'num_leaves': 15, 'min_child_samples': 40}  (val 0.9344)
C:\Users\chara\AppData\Local\Programs\Python\Python310\lib\site-packages\sklearn\utils\validation.py:2749: UserWarning: X does not have valid feature names, but LGBMClassifier was fitted with feature names
  warnings.warn(

=== test fold, scored once ===
  hazard, logistic C=1.0 (current baseline) : AUC 0.9567
  hazard, tuned LightGBM                    : AUC 0.9817
  GBM - logistic  : +0.0251  95% CI [+0.0115, +0.0402]  excludes 0

If the GBM is materially better, the published claim that the agent ties 'the hazard baseline' was measured against a weak one, and the comparison needs restating rather than defending.
